Kani Rust Verifier 0.67.0 (cargo plugin)
    Finished `test` profile [unoptimized + debuginfo] target(s) in 0.06s
    Finished `test` profile [unoptimized + debuginfo] target(s) in 0.05s
    Finished `test` profile [unoptimized + debuginfo] target(s) in 0.05s
    Finished `test` profile [unoptimized + debuginfo] target(s) in 0.05s
    Finished `test` profile [unoptimized + debuginfo] target(s) in 0.05s
    Finished `test` profile [unoptimized + debuginfo] target(s) in 0.05s
    Finished `test` profile [unoptimized + debuginfo] target(s) in 0.05s
    Finished `test` profile [unoptimized + debuginfo] target(s) in 0.05s
    Finished `test` profile [unoptimized + debuginfo] target(s) in 0.05s
    Finished `test` profile [unoptimized + debuginfo] target(s) in 0.05s
    Finished `test` profile [unoptimized + debuginfo] target(s) in 0.05s
    Finished `test` profile [unoptimized + debuginfo] target(s) in 0.05s
    Finished `test` profile [unoptimized + debuginfo] target(s) in 0.05s
warning: Found the following unsupported constructs:
             - caller_location (1)
             - foreign function (1)

         Verification will fail if one or more of these constructs is reachable.
         See https://model-checking.github.io/kani/rust-feature-support.html for more details.

    Finished `test` profile [unoptimized + debuginfo] target(s) in 0.05s
    Finished `test` profile [unoptimized + debuginfo] target(s) in 0.05s
    Finished `test` profile [unoptimized + debuginfo] target(s) in 0.05s
    Finished `test` profile [unoptimized + debuginfo] target(s) in 0.05s
    Finished `test` profile [unoptimized + debuginfo] target(s) in 0.05s
    Finished `test` profile [unoptimized + debuginfo] target(s) in 0.05s
    Finished `test` profile [unoptimized + debuginfo] target(s) in 0.05s
    Finished `test` profile [unoptimized + debuginfo] target(s) in 0.05s
Checking harness tx1_project_divergence_rejects_excess_delta...
CBMC 6.8.0 (cbmc-6.8.0)
CBMC version 6.8.0 (cbmc-6.8.0) 64-bit x86_64 linux
Reading GOTO program from file /home/debian/Downloads/QASH/qash/target/kani/x86_64-unknown-linux-gnu/debug/deps/kani_transaction-b11d91daf0856d6e__RNvCs3Qv926SeJ7f_16kani_transaction43tx1_project_divergence_rejects_excess_delta.out
Generating GOTO Program
Adding CPROVER library (x86_64)
Removal of function pointers and virtual functions
Generic Property Instrumentation
Running with 16 object bits, 48 offset bits (user-specified)
Starting Bounded Model Checking
aborting path on assume(false) at file crates/consensus/tests/kani_transaction.rs line 0 column 0 function <std::result::Result<qash_consensus::FixedPoint, qash_consensus::transaction::TxError> as std::cmp::PartialEq>::eq thread 0
Runtime Symex: 0.0207467s
size of program expression: 571 steps
slicing removed 359 assignments
Generated 71 VCC(s), 5 remaining after simplification
Runtime Postprocess Equation: 0.000102735s
Passing problem to propositional reduction
converting SSA
Runtime Convert SSA: 0.00191647s
Running propositional reduction
Post-processing
Runtime Post-process: 5.578e-06s
Solving with CaDiCaL 2.0.0
1880 variables, 3470 clauses
SAT checker: instance is SATISFIABLE
Runtime Solver: 0.000172532s
Runtime decision procedure: 0.00222714s
Running propositional reduction
Solving with CaDiCaL 2.0.0
1881 variables, 3471 clauses
SAT checker: instance is UNSATISFIABLE
Runtime Solver: 0.000295802s
Runtime decision procedure: 0.000318313s

RESULTS:
Check 1: <std::result::Result<qash_consensus::FixedPoint, qash_consensus::transaction::TxError> as std::cmp::PartialEq>::eq.unreachable.1
	 - Status: SUCCESS
	 - Description: "unreachable code"
	 - Location: crates/consensus/tests/kani_transaction.rs:0:0 in function <std::result::Result<qash_consensus::FixedPoint, qash_consensus::transaction::TxError> as std::cmp::PartialEq>::eq

Check 2: qash_consensus::transaction::tx1_project_divergence.assertion.1
	 - Status: UNREACHABLE
	 - Description: "attempt to subtract with overflow"
	 - Location: crates/consensus/src/transaction.rs:326:29 in function qash_consensus::transaction::tx1_project_divergence

Check 3: tx1_project_divergence_rejects_excess_delta.assertion.1
	 - Status: SUCCESS
	 - Description: "assertion failed: tx1_project_divergence(FixedPoint::from_raw(i128::from(current)), delta) ==
Err(TxError::DeltaExceedsDivergence)"
	 - Location: crates/consensus/tests/kani_transaction.rs:26:5 in function tx1_project_divergence_rejects_excess_delta

Check 4: std::cmp::impls::<impl std::cmp::PartialEq for u64>::eq.pointer_dereference.1
	 - Status: SUCCESS
	 - Description: "dereference failure: pointer NULL"
	 - Location: ../../../../runner/.rustup/toolchains/nightly-2025-11-21-x86_64-unknown-linux-gnu/lib/rustlib/src/rust/library/core/src/cmp.rs:1865:54 in function std::cmp::impls::<impl std::cmp::PartialEq for u64>::eq

Check 5: std::cmp::impls::<impl std::cmp::PartialEq for u64>::eq.pointer_dereference.2
	 - Status: SUCCESS
	 - Description: "dereference failure: pointer invalid"
	 - Location: ../../../../runner/.rustup/toolchains/nightly-2025-11-21-x86_64-unknown-linux-gnu/lib/rustlib/src/rust/library/core/src/cmp.rs:1865:54 in function std::cmp::impls::<impl std::cmp::PartialEq for u64>::eq

Check 6: std::cmp::impls::<impl std::cmp::PartialEq for u64>::eq.pointer_dereference.3
	 - Status: SUCCESS
	 - Description: "dereference failure: deallocated dynamic object"
	 - Location: ../../../../runner/.rustup/toolchains/nightly-2025-11-21-x86_64-unknown-linux-gnu/lib/rustlib/src/rust/library/core/src/cmp.rs:1865:54 in function std::cmp::impls::<impl std::cmp::PartialEq for u64>::eq

Check 7: std::cmp::impls::<impl std::cmp::PartialEq for u64>::eq.pointer_dereference.4
	 - Status: SUCCESS
	 - Description: "dereference failure: dead object"
	 - Location: ../../../../runner/.rustup/toolchains/nightly-2025-11-21-x86_64-unknown-linux-gnu/lib/rustlib/src/rust/library/core/src/cmp.rs:1865:54 in function std::cmp::impls::<impl std::cmp::PartialEq for u64>::eq

Check 8: std::cmp::impls::<impl std::cmp::PartialEq for u64>::eq.pointer_dereference.5
	 - Status: SUCCESS
	 - Description: "dereference failure: pointer outside object bounds"
	 - Location: ../../../../runner/.rustup/toolchains/nightly-2025-11-21-x86_64-unknown-linux-gnu/lib/rustlib/src/rust/library/core/src/cmp.rs:1865:54 in function std::cmp::impls::<impl std::cmp::PartialEq for u64>::eq

Check 9: std::cmp::impls::<impl std::cmp::PartialEq for u64>::eq.pointer_dereference.6
	 - Status: SUCCESS
	 - Description: "dereference failure: invalid integer address"
	 - Location: ../../../../runner/.rustup/toolchains/nightly-2025-11-21-x86_64-unknown-linux-gnu/lib/rustlib/src/rust/library/core/src/cmp.rs:1865:54 in function std::cmp::impls::<impl std::cmp::PartialEq for u64>::eq

Check 10: std::cmp::impls::<impl std::cmp::PartialEq for u64>::eq.pointer_dereference.7
	 - Status: SUCCESS
	 - Description: "dereference failure: pointer NULL"
	 - Location: ../../../../runner/.rustup/toolchains/nightly-2025-11-21-x86_64-unknown-linux-gnu/lib/rustlib/src/rust/library/core/src/cmp.rs:1865:63 in function std::cmp::impls::<impl std::cmp::PartialEq for u64>::eq

Check 11: std::cmp::impls::<impl std::cmp::PartialEq for u64>::eq.pointer_dereference.8
	 - Status: SUCCESS
	 - Description: "dereference failure: pointer invalid"
	 - Location: ../../../../runner/.rustup/toolchains/nightly-2025-11-21-x86_64-unknown-linux-gnu/lib/rustlib/src/rust/library/core/src/cmp.rs:1865:63 in function std::cmp::impls::<impl std::cmp::PartialEq for u64>::eq

Check 12: std::cmp::impls::<impl std::cmp::PartialEq for u64>::eq.pointer_dereference.9
	 - Status: SUCCESS
	 - Description: "dereference failure: deallocated dynamic object"
	 - Location: ../../../../runner/.rustup/toolchains/nightly-2025-11-21-x86_64-unknown-linux-gnu/lib/rustlib/src/rust/library/core/src/cmp.rs:1865:63 in function std::cmp::impls::<impl std::cmp::PartialEq for u64>::eq

Check 13: std::cmp::impls::<impl std::cmp::PartialEq for u64>::eq.pointer_dereference.10
	 - Status: SUCCESS
	 - Description: "dereference failure: dead object"
	 - Location: ../../../../runner/.rustup/toolchains/nightly-2025-11-21-x86_64-unknown-linux-gnu/lib/rustlib/src/rust/library/core/src/cmp.rs:1865:63 in function std::cmp::impls::<impl std::cmp::PartialEq for u64>::eq

Check 14: std::cmp::impls::<impl std::cmp::PartialEq for u64>::eq.pointer_dereference.11
	 - Status: SUCCESS
	 - Description: "dereference failure: pointer outside object bounds"
	 - Location: ../../../../runner/.rustup/toolchains/nightly-2025-11-21-x86_64-unknown-linux-gnu/lib/rustlib/src/rust/library/core/src/cmp.rs:1865:63 in function std::cmp::impls::<impl std::cmp::PartialEq for u64>::eq

Check 15: std::cmp::impls::<impl std::cmp::PartialEq for u64>::eq.pointer_dereference.12
	 - Status: SUCCESS
	 - Description: "dereference failure: invalid integer address"
	 - Location: ../../../../runner/.rustup/toolchains/nightly-2025-11-21-x86_64-unknown-linux-gnu/lib/rustlib/src/rust/library/core/src/cmp.rs:1865:63 in function std::cmp::impls::<impl std::cmp::PartialEq for u64>::eq

Check 16: std::cmp::impls::<impl std::cmp::PartialEq for &qash_consensus::transaction::TxError>::eq.pointer_dereference.1
	 - Status: SUCCESS
	 - Description: "dereference failure: pointer NULL"
	 - Location: ../../../../runner/.rustup/toolchains/nightly-2025-11-21-x86_64-unknown-linux-gnu/lib/rustlib/src/rust/library/core/src/cmp.rs:2090:27 in function std::cmp::impls::<impl std::cmp::PartialEq for &qash_consensus::transaction::TxError>::eq

Check 17: std::cmp::impls::<impl std::cmp::PartialEq for &qash_consensus::transaction::TxError>::eq.pointer_dereference.2
	 - Status: SUCCESS
	 - Description: "dereference failure: pointer invalid"
	 - Location: ../../../../runner/.rustup/toolchains/nightly-2025-11-21-x86_64-unknown-linux-gnu/lib/rustlib/src/rust/library/core/src/cmp.rs:2090:27 in function std::cmp::impls::<impl std::cmp::PartialEq for &qash_consensus::transaction::TxError>::eq

Check 18: std::cmp::impls::<impl std::cmp::PartialEq for &qash_consensus::transaction::TxError>::eq.pointer_dereference.3
	 - Status: SUCCESS
	 - Description: "dereference failure: deallocated dynamic object"
	 - Location: ../../../../runner/.rustup/toolchains/nightly-2025-11-21-x86_64-unknown-linux-gnu/lib/rustlib/src/rust/library/core/src/cmp.rs:2090:27 in function std::cmp::impls::<impl std::cmp::PartialEq for &qash_consensus::transaction::TxError>::eq

Check 19: std::cmp::impls::<impl std::cmp::PartialEq for &qash_consensus::transaction::TxError>::eq.pointer_dereference.4
	 - Status: SUCCESS
	 - Description: "dereference failure: dead object"
	 - Location: ../../../../runner/.rustup/toolchains/nightly-2025-11-21-x86_64-unknown-linux-gnu/lib/rustlib/src/rust/library/core/src/cmp.rs:2090:27 in function std::cmp::impls::<impl std::cmp::PartialEq for &qash_consensus::transaction::TxError>::eq

Check 20: std::cmp::impls::<impl std::cmp::PartialEq for &qash_consensus::transaction::TxError>::eq.pointer_dereference.5
	 - Status: SUCCESS
	 - Description: "dereference failure: pointer outside object bounds"
	 - Location: ../../../../runner/.rustup/toolchains/nightly-2025-11-21-x86_64-unknown-linux-gnu/lib/rustlib/src/rust/library/core/src/cmp.rs:2090:27 in function std::cmp::impls::<impl std::cmp::PartialEq for &qash_consensus::transaction::TxError>::eq

Check 21: std::cmp::impls::<impl std::cmp::PartialEq for &qash_consensus::transaction::TxError>::eq.pointer_dereference.6
	 - Status: SUCCESS
	 - Description: "dereference failure: invalid integer address"
	 - Location: ../../../../runner/.rustup/toolchains/nightly-2025-11-21-x86_64-unknown-linux-gnu/lib/rustlib/src/rust/library/core/src/cmp.rs:2090:27 in function std::cmp::impls::<impl std::cmp::PartialEq for &qash_consensus::transaction::TxError>::eq

Check 22: std::cmp::impls::<impl std::cmp::PartialEq for &qash_consensus::transaction::TxError>::eq.pointer_dereference.7
	 - Status: SUCCESS
	 - Description: "dereference failure: pointer NULL"
	 - Location: ../../../../runner/.rustup/toolchains/nightly-2025-11-21-x86_64-unknown-linux-gnu/lib/rustlib/src/rust/library/core/src/cmp.rs:2090:34 in function std::cmp::impls::<impl std::cmp::PartialEq for &qash_consensus::transaction::TxError>::eq

Check 23: std::cmp::impls::<impl std::cmp::PartialEq for &qash_consensus::transaction::TxError>::eq.pointer_dereference.8
	 - Status: SUCCESS
	 - Description: "dereference failure: pointer invalid"
	 - Location: ../../../../runner/.rustup/toolchains/nightly-2025-11-21-x86_64-unknown-linux-gnu/lib/rustlib/src/rust/library/core/src/cmp.rs:2090:34 in function std::cmp::impls::<impl std::cmp::PartialEq for &qash_consensus::transaction::TxError>::eq

Check 24: std::cmp::impls::<impl std::cmp::PartialEq for &qash_consensus::transaction::TxError>::eq.pointer_dereference.9
	 - Status: SUCCESS
	 - Description: "dereference failure: deallocated dynamic object"
	 - Location: ../../../../runner/.rustup/toolchains/nightly-2025-11-21-x86_64-unknown-linux-gnu/lib/rustlib/src/rust/library/core/src/cmp.rs:2090:34 in function std::cmp::impls::<impl std::cmp::PartialEq for &qash_consensus::transaction::TxError>::eq

Check 25: std::cmp::impls::<impl std::cmp::PartialEq for &qash_consensus::transaction::TxError>::eq.pointer_dereference.10
	 - Status: SUCCESS
	 - Description: "dereference failure: dead object"
	 - Location: ../../../../runner/.rustup/toolchains/nightly-2025-11-21-x86_64-unknown-linux-gnu/lib/rustlib/src/rust/library/core/src/cmp.rs:2090:34 in function std::cmp::impls::<impl std::cmp::PartialEq for &qash_consensus::transaction::TxError>::eq

Check 26: std::cmp::impls::<impl std::cmp::PartialEq for &qash_consensus::transaction::TxError>::eq.pointer_dereference.11
	 - Status: SUCCESS
	 - Description: "dereference failure: pointer outside object bounds"
	 - Location: ../../../../runner/.rustup/toolchains/nightly-2025-11-21-x86_64-unknown-linux-gnu/lib/rustlib/src/rust/library/core/src/cmp.rs:2090:34 in function std::cmp::impls::<impl std::cmp::PartialEq for &qash_consensus::transaction::TxError>::eq

Check 27: std::cmp::impls::<impl std::cmp::PartialEq for &qash_consensus::transaction::TxError>::eq.pointer_dereference.12
	 - Status: SUCCESS
	 - Description: "dereference failure: invalid integer address"
	 - Location: ../../../../runner/.rustup/toolchains/nightly-2025-11-21-x86_64-unknown-linux-gnu/lib/rustlib/src/rust/library/core/src/cmp.rs:2090:34 in function std::cmp::impls::<impl std::cmp::PartialEq for &qash_consensus::transaction::TxError>::eq

Check 28: <qash_consensus::FixedPoint as std::cmp::PartialEq>::eq.pointer_dereference.1
	 - Status: SUCCESS
	 - Description: "dereference failure: pointer NULL"
	 - Location: crates/consensus/src/fixed_point.rs:10:5 in function <qash_consensus::FixedPoint as std::cmp::PartialEq>::eq

Check 29: <qash_consensus::FixedPoint as std::cmp::PartialEq>::eq.pointer_dereference.2
	 - Status: SUCCESS
	 - Description: "dereference failure: pointer invalid"
	 - Location: crates/consensus/src/fixed_point.rs:10:5 in function <qash_consensus::FixedPoint as std::cmp::PartialEq>::eq

Check 30: <qash_consensus::FixedPoint as std::cmp::PartialEq>::eq.pointer_dereference.3
	 - Status: SUCCESS
	 - Description: "dereference failure: deallocated dynamic object"
	 - Location: crates/consensus/src/fixed_point.rs:10:5 in function <qash_consensus::FixedPoint as std::cmp::PartialEq>::eq

Check 31: <qash_consensus::FixedPoint as std::cmp::PartialEq>::eq.pointer_dereference.4
	 - Status: SUCCESS
	 - Description: "dereference failure: dead object"
	 - Location: crates/consensus/src/fixed_point.rs:10:5 in function <qash_consensus::FixedPoint as std::cmp::PartialEq>::eq

Check 32: <qash_consensus::FixedPoint as std::cmp::PartialEq>::eq.pointer_dereference.5
	 - Status: SUCCESS
	 - Description: "dereference failure: pointer outside object bounds"
	 - Location: crates/consensus/src/fixed_point.rs:10:5 in function <qash_consensus::FixedPoint as std::cmp::PartialEq>::eq

Check 33: <qash_consensus::FixedPoint as std::cmp::PartialEq>::eq.pointer_dereference.6
	 - Status: SUCCESS
	 - Description: "dereference failure: invalid integer address"
	 - Location: crates/consensus/src/fixed_point.rs:10:5 in function <qash_consensus::FixedPoint as std::cmp::PartialEq>::eq

Check 34: <qash_consensus::FixedPoint as std::cmp::PartialEq>::eq.pointer_dereference.7
	 - Status: SUCCESS
	 - Description: "dereference failure: pointer NULL"
	 - Location: crates/consensus/src/fixed_point.rs:10:5 in function <qash_consensus::FixedPoint as std::cmp::PartialEq>::eq

Check 35: <qash_consensus::FixedPoint as std::cmp::PartialEq>::eq.pointer_dereference.8
	 - Status: SUCCESS
	 - Description: "dereference failure: pointer invalid"
	 - Location: crates/consensus/src/fixed_point.rs:10:5 in function <qash_consensus::FixedPoint as std::cmp::PartialEq>::eq

Check 36: <qash_consensus::FixedPoint as std::cmp::PartialEq>::eq.pointer_dereference.9
	 - Status: SUCCESS
	 - Description: "dereference failure: deallocated dynamic object"
	 - Location: crates/consensus/src/fixed_point.rs:10:5 in function <qash_consensus::FixedPoint as std::cmp::PartialEq>::eq

Check 37: <qash_consensus::FixedPoint as std::cmp::PartialEq>::eq.pointer_dereference.10
	 - Status: SUCCESS
	 - Description: "dereference failure: dead object"
	 - Location: crates/consensus/src/fixed_point.rs:10:5 in function <qash_consensus::FixedPoint as std::cmp::PartialEq>::eq

Check 38: <qash_consensus::FixedPoint as std::cmp::PartialEq>::eq.pointer_dereference.11
	 - Status: SUCCESS
	 - Description: "dereference failure: pointer outside object bounds"
	 - Location: crates/consensus/src/fixed_point.rs:10:5 in function <qash_consensus::FixedPoint as std::cmp::PartialEq>::eq

Check 39: <qash_consensus::FixedPoint as std::cmp::PartialEq>::eq.pointer_dereference.12
	 - Status: SUCCESS
	 - Description: "dereference failure: invalid integer address"
	 - Location: crates/consensus/src/fixed_point.rs:10:5 in function <qash_consensus::FixedPoint as std::cmp::PartialEq>::eq

Check 40: std::cmp::impls::<impl std::cmp::PartialEq for &qash_consensus::FixedPoint>::eq.pointer_dereference.1
	 - Status: SUCCESS
	 - Description: "dereference failure: pointer NULL"
	 - Location: ../../../../runner/.rustup/toolchains/nightly-2025-11-21-x86_64-unknown-linux-gnu/lib/rustlib/src/rust/library/core/src/cmp.rs:2090:27 in function std::cmp::impls::<impl std::cmp::PartialEq for &qash_consensus::FixedPoint>::eq

Check 41: std::cmp::impls::<impl std::cmp::PartialEq for &qash_consensus::FixedPoint>::eq.pointer_dereference.2
	 - Status: SUCCESS
	 - Description: "dereference failure: pointer invalid"
	 - Location: ../../../../runner/.rustup/toolchains/nightly-2025-11-21-x86_64-unknown-linux-gnu/lib/rustlib/src/rust/library/core/src/cmp.rs:2090:27 in function std::cmp::impls::<impl std::cmp::PartialEq for &qash_consensus::FixedPoint>::eq

Check 42: std::cmp::impls::<impl std::cmp::PartialEq for &qash_consensus::FixedPoint>::eq.pointer_dereference.3
	 - Status: SUCCESS
	 - Description: "dereference failure: deallocated dynamic object"
	 - Location: ../../../../runner/.rustup/toolchains/nightly-2025-11-21-x86_64-unknown-linux-gnu/lib/rustlib/src/rust/library/core/src/cmp.rs:2090:27 in function std::cmp::impls::<impl std::cmp::PartialEq for &qash_consensus::FixedPoint>::eq

Check 43: std::cmp::impls::<impl std::cmp::PartialEq for &qash_consensus::FixedPoint>::eq.pointer_dereference.4
	 - Status: SUCCESS
	 - Description: "dereference failure: dead object"
	 - Location: ../../../../runner/.rustup/toolchains/nightly-2025-11-21-x86_64-unknown-linux-gnu/lib/rustlib/src/rust/library/core/src/cmp.rs:2090:27 in function std::cmp::impls::<impl std::cmp::PartialEq for &qash_consensus::FixedPoint>::eq

Check 44: std::cmp::impls::<impl std::cmp::PartialEq for &qash_consensus::FixedPoint>::eq.pointer_dereference.5
	 - Status: SUCCESS
	 - Description: "dereference failure: pointer outside object bounds"
	 - Location: ../../../../runner/.rustup/toolchains/nightly-2025-11-21-x86_64-unknown-linux-gnu/lib/rustlib/src/rust/library/core/src/cmp.rs:2090:27 in function std::cmp::impls::<impl std::cmp::PartialEq for &qash_consensus::FixedPoint>::eq

Check 45: std::cmp::impls::<impl std::cmp::PartialEq for &qash_consensus::FixedPoint>::eq.pointer_dereference.6
	 - Status: SUCCESS
	 - Description: "dereference failure: invalid integer address"
	 - Location: ../../../../runner/.rustup/toolchains/nightly-2025-11-21-x86_64-unknown-linux-gnu/lib/rustlib/src/rust/library/core/src/cmp.rs:2090:27 in function std::cmp::impls::<impl std::cmp::PartialEq for &qash_consensus::FixedPoint>::eq

Check 46: std::cmp::impls::<impl std::cmp::PartialEq for &qash_consensus::FixedPoint>::eq.pointer_dereference.7
	 - Status: SUCCESS
	 - Description: "dereference failure: pointer NULL"
	 - Location: ../../../../runner/.rustup/toolchains/nightly-2025-11-21-x86_64-unknown-linux-gnu/lib/rustlib/src/rust/library/core/src/cmp.rs:2090:34 in function std::cmp::impls::<impl std::cmp::PartialEq for &qash_consensus::FixedPoint>::eq

Check 47: std::cmp::impls::<impl std::cmp::PartialEq for &qash_consensus::FixedPoint>::eq.pointer_dereference.8
	 - Status: SUCCESS
	 - Description: "dereference failure: pointer invalid"
	 - Location: ../../../../runner/.rustup/toolchains/nightly-2025-11-21-x86_64-unknown-linux-gnu/lib/rustlib/src/rust/library/core/src/cmp.rs:2090:34 in function std::cmp::impls::<impl std::cmp::PartialEq for &qash_consensus::FixedPoint>::eq

Check 48: std::cmp::impls::<impl std::cmp::PartialEq for &qash_consensus::FixedPoint>::eq.pointer_dereference.9
	 - Status: SUCCESS
	 - Description: "dereference failure: deallocated dynamic object"
	 - Location: ../../../../runner/.rustup/toolchains/nightly-2025-11-21-x86_64-unknown-linux-gnu/lib/rustlib/src/rust/library/core/src/cmp.rs:2090:34 in function std::cmp::impls::<impl std::cmp::PartialEq for &qash_consensus::FixedPoint>::eq

Check 49: std::cmp::impls::<impl std::cmp::PartialEq for &qash_consensus::FixedPoint>::eq.pointer_dereference.10
	 - Status: SUCCESS
	 - Description: "dereference failure: dead object"
	 - Location: ../../../../runner/.rustup/toolchains/nightly-2025-11-21-x86_64-unknown-linux-gnu/lib/rustlib/src/rust/library/core/src/cmp.rs:2090:34 in function std::cmp::impls::<impl std::cmp::PartialEq for &qash_consensus::FixedPoint>::eq

Check 50: std::cmp::impls::<impl std::cmp::PartialEq for &qash_consensus::FixedPoint>::eq.pointer_dereference.11
	 - Status: SUCCESS
	 - Description: "dereference failure: pointer outside object bounds"
	 - Location: ../../../../runner/.rustup/toolchains/nightly-2025-11-21-x86_64-unknown-linux-gnu/lib/rustlib/src/rust/library/core/src/cmp.rs:2090:34 in function std::cmp::impls::<impl std::cmp::PartialEq for &qash_consensus::FixedPoint>::eq

Check 51: std::cmp::impls::<impl std::cmp::PartialEq for &qash_consensus::FixedPoint>::eq.pointer_dereference.12
	 - Status: SUCCESS
	 - Description: "dereference failure: invalid integer address"
	 - Location: ../../../../runner/.rustup/toolchains/nightly-2025-11-21-x86_64-unknown-linux-gnu/lib/rustlib/src/rust/library/core/src/cmp.rs:2090:34 in function std::cmp::impls::<impl std::cmp::PartialEq for &qash_consensus::FixedPoint>::eq

Check 52: <std::result::Result<qash_consensus::FixedPoint, qash_consensus::transaction::TxError> as std::cmp::PartialEq>::eq.pointer_dereference.1
	 - Status: SUCCESS
	 - Description: "dereference failure: pointer NULL"
	 - Location: ../../../../runner/.rustup/toolchains/nightly-2025-11-21-x86_64-unknown-linux-gnu/lib/rustlib/src/rust/library/core/src/result.rs:553:16 in function <std::result::Result<qash_consensus::FixedPoint, qash_consensus::transaction::TxError> as std::cmp::PartialEq>::eq

Check 53: <std::result::Result<qash_consensus::FixedPoint, qash_consensus::transaction::TxError> as std::cmp::PartialEq>::eq.pointer_dereference.2
	 - Status: SUCCESS
	 - Description: "dereference failure: pointer invalid"
	 - Location: ../../../../runner/.rustup/toolchains/nightly-2025-11-21-x86_64-unknown-linux-gnu/lib/rustlib/src/rust/library/core/src/result.rs:553:16 in function <std::result::Result<qash_consensus::FixedPoint, qash_consensus::transaction::TxError> as std::cmp::PartialEq>::eq

Check 54: <std::result::Result<qash_consensus::FixedPoint, qash_consensus::transaction::TxError> as std::cmp::PartialEq>::eq.pointer_dereference.3
	 - Status: SUCCESS
	 - Description: "dereference failure: deallocated dynamic object"
	 - Location: ../../../../runner/.rustup/toolchains/nightly-2025-11-21-x86_64-unknown-linux-gnu/lib/rustlib/src/rust/library/core/src/result.rs:553:16 in function <std::result::Result<qash_consensus::FixedPoint, qash_consensus::transaction::TxError> as std::cmp::PartialEq>::eq

Check 55: <std::result::Result<qash_consensus::FixedPoint, qash_consensus::transaction::TxError> as std::cmp::PartialEq>::eq.pointer_dereference.4
	 - Status: SUCCESS
	 - Description: "dereference failure: dead object"
	 - Location: ../../../../runner/.rustup/toolchains/nightly-2025-11-21-x86_64-unknown-linux-gnu/lib/rustlib/src/rust/library/core/src/result.rs:553:16 in function <std::result::Result<qash_consensus::FixedPoint, qash_consensus::transaction::TxError> as std::cmp::PartialEq>::eq

Check 56: <std::result::Result<qash_consensus::FixedPoint, qash_consensus::transaction::TxError> as std::cmp::PartialEq>::eq.pointer_dereference.5
	 - Status: SUCCESS
	 - Description: "dereference failure: pointer outside object bounds"
	 - Location: ../../../../runner/.rustup/toolchains/nightly-2025-11-21-x86_64-unknown-linux-gnu/lib/rustlib/src/rust/library/core/src/result.rs:553:16 in function <std::result::Result<qash_consensus::FixedPoint, qash_consensus::transaction::TxError> as std::cmp::PartialEq>::eq

Check 57: <std::result::Result<qash_consensus::FixedPoint, qash_consensus::transaction::TxError> as std::cmp::PartialEq>::eq.pointer_dereference.6
	 - Status: SUCCESS
	 - Description: "dereference failure: invalid integer address"
	 - Location: ../../../../runner/.rustup/toolchains/nightly-2025-11-21-x86_64-unknown-linux-gnu/lib/rustlib/src/rust/library/core/src/result.rs:553:16 in function <std::result::Result<qash_consensus::FixedPoint, qash_consensus::transaction::TxError> as std::cmp::PartialEq>::eq

Check 58: <std::result::Result<qash_consensus::FixedPoint, qash_consensus::transaction::TxError> as std::cmp::PartialEq>::eq.pointer_dereference.7
	 - Status: SUCCESS
	 - Description: "dereference failure: pointer NULL"
	 - Location: ../../../../runner/.rustup/toolchains/nightly-2025-11-21-x86_64-unknown-linux-gnu/lib/rustlib/src/rust/library/core/src/result.rs:553:16 in function <std::result::Result<qash_consensus::FixedPoint, qash_consensus::transaction::TxError> as std::cmp::PartialEq>::eq

Check 59: <std::result::Result<qash_consensus::FixedPoint, qash_consensus::transaction::TxError> as std::cmp::PartialEq>::eq.pointer_dereference.8
	 - Status: SUCCESS
	 - Description: "dereference failure: pointer invalid"
	 - Location: ../../../../runner/.rustup/toolchains/nightly-2025-11-21-x86_64-unknown-linux-gnu/lib/rustlib/src/rust/library/core/src/result.rs:553:16 in function <std::result::Result<qash_consensus::FixedPoint, qash_consensus::transaction::TxError> as std::cmp::PartialEq>::eq

Check 60: <std::result::Result<qash_consensus::FixedPoint, qash_consensus::transaction::TxError> as std::cmp::PartialEq>::eq.pointer_dereference.9
	 - Status: SUCCESS
	 - Description: "dereference failure: deallocated dynamic object"
	 - Location: ../../../../runner/.rustup/toolchains/nightly-2025-11-21-x86_64-unknown-linux-gnu/lib/rustlib/src/rust/library/core/src/result.rs:553:16 in function <std::result::Result<qash_consensus::FixedPoint, qash_consensus::transaction::TxError> as std::cmp::PartialEq>::eq

Check 61: <std::result::Result<qash_consensus::FixedPoint, qash_consensus::transaction::TxError> as std::cmp::PartialEq>::eq.pointer_dereference.10
	 - Status: SUCCESS
	 - Description: "dereference failure: dead object"
	 - Location: ../../../../runner/.rustup/toolchains/nightly-2025-11-21-x86_64-unknown-linux-gnu/lib/rustlib/src/rust/library/core/src/result.rs:553:16 in function <std::result::Result<qash_consensus::FixedPoint, qash_consensus::transaction::TxError> as std::cmp::PartialEq>::eq

Check 62: <std::result::Result<qash_consensus::FixedPoint, qash_consensus::transaction::TxError> as std::cmp::PartialEq>::eq.pointer_dereference.11
	 - Status: SUCCESS
	 - Description: "dereference failure: pointer outside object bounds"
	 - Location: ../../../../runner/.rustup/toolchains/nightly-2025-11-21-x86_64-unknown-linux-gnu/lib/rustlib/src/rust/library/core/src/result.rs:553:16 in function <std::result::Result<qash_consensus::FixedPoint, qash_consensus::transaction::TxError> as std::cmp::PartialEq>::eq

Check 63: <std::result::Result<qash_consensus::FixedPoint, qash_consensus::transaction::TxError> as std::cmp::PartialEq>::eq.pointer_dereference.12
	 - Status: SUCCESS
	 - Description: "dereference failure: invalid integer address"
	 - Location: ../../../../runner/.rustup/toolchains/nightly-2025-11-21-x86_64-unknown-linux-gnu/lib/rustlib/src/rust/library/core/src/result.rs:553:16 in function <std::result::Result<qash_consensus::FixedPoint, qash_consensus::transaction::TxError> as std::cmp::PartialEq>::eq

Check 64: <std::result::Result<qash_consensus::FixedPoint, qash_consensus::transaction::TxError> as std::cmp::PartialEq>::eq.pointer_dereference.13
	 - Status: SUCCESS
	 - Description: "dereference failure: pointer NULL"
	 - Location: ../../../../runner/.rustup/toolchains/nightly-2025-11-21-x86_64-unknown-linux-gnu/lib/rustlib/src/rust/library/core/src/result.rs:553:16 in function <std::result::Result<qash_consensus::FixedPoint, qash_consensus::transaction::TxError> as std::cmp::PartialEq>::eq

Check 65: <std::result::Result<qash_consensus::FixedPoint, qash_consensus::transaction::TxError> as std::cmp::PartialEq>::eq.pointer_dereference.14
	 - Status: SUCCESS
	 - Description: "dereference failure: pointer invalid"
	 - Location: ../../../../runner/.rustup/toolchains/nightly-2025-11-21-x86_64-unknown-linux-gnu/lib/rustlib/src/rust/library/core/src/result.rs:553:16 in function <std::result::Result<qash_consensus::FixedPoint, qash_consensus::transaction::TxError> as std::cmp::PartialEq>::eq

Check 66: <std::result::Result<qash_consensus::FixedPoint, qash_consensus::transaction::TxError> as std::cmp::PartialEq>::eq.pointer_dereference.15
	 - Status: SUCCESS
	 - Description: "dereference failure: deallocated dynamic object"
	 - Location: ../../../../runner/.rustup/toolchains/nightly-2025-11-21-x86_64-unknown-linux-gnu/lib/rustlib/src/rust/library/core/src/result.rs:553:16 in function <std::result::Result<qash_consensus::FixedPoint, qash_consensus::transaction::TxError> as std::cmp::PartialEq>::eq

Check 67: <std::result::Result<qash_consensus::FixedPoint, qash_consensus::transaction::TxError> as std::cmp::PartialEq>::eq.pointer_dereference.16
	 - Status: SUCCESS
	 - Description: "dereference failure: dead object"
	 - Location: ../../../../runner/.rustup/toolchains/nightly-2025-11-21-x86_64-unknown-linux-gnu/lib/rustlib/src/rust/library/core/src/result.rs:553:16 in function <std::result::Result<qash_consensus::FixedPoint, qash_consensus::transaction::TxError> as std::cmp::PartialEq>::eq

Check 68: <std::result::Result<qash_consensus::FixedPoint, qash_consensus::transaction::TxError> as std::cmp::PartialEq>::eq.pointer_dereference.17
	 - Status: SUCCESS
	 - Description: "dereference failure: pointer outside object bounds"
	 - Location: ../../../../runner/.rustup/toolchains/nightly-2025-11-21-x86_64-unknown-linux-gnu/lib/rustlib/src/rust/library/core/src/result.rs:553:16 in function <std::result::Result<qash_consensus::FixedPoint, qash_consensus::transaction::TxError> as std::cmp::PartialEq>::eq

Check 69: <std::result::Result<qash_consensus::FixedPoint, qash_consensus::transaction::TxError> as std::cmp::PartialEq>::eq.pointer_dereference.18
	 - Status: SUCCESS
	 - Description: "dereference failure: invalid integer address"
	 - Location: ../../../../runner/.rustup/toolchains/nightly-2025-11-21-x86_64-unknown-linux-gnu/lib/rustlib/src/rust/library/core/src/result.rs:553:16 in function <std::result::Result<qash_consensus::FixedPoint, qash_consensus::transaction::TxError> as std::cmp::PartialEq>::eq

Check 70: <std::result::Result<qash_consensus::FixedPoint, qash_consensus::transaction::TxError> as std::cmp::PartialEq>::eq.pointer_dereference.19
	 - Status: SUCCESS
	 - Description: "dereference failure: pointer NULL"
	 - Location: ../../../../runner/.rustup/toolchains/nightly-2025-11-21-x86_64-unknown-linux-gnu/lib/rustlib/src/rust/library/core/src/result.rs:553:16 in function <std::result::Result<qash_consensus::FixedPoint, qash_consensus::transaction::TxError> as std::cmp::PartialEq>::eq

Check 71: <std::result::Result<qash_consensus::FixedPoint, qash_consensus::transaction::TxError> as std::cmp::PartialEq>::eq.pointer_dereference.20
	 - Status: SUCCESS
	 - Description: "dereference failure: pointer invalid"
	 - Location: ../../../../runner/.rustup/toolchains/nightly-2025-11-21-x86_64-unknown-linux-gnu/lib/rustlib/src/rust/library/core/src/result.rs:553:16 in function <std::result::Result<qash_consensus::FixedPoint, qash_consensus::transaction::TxError> as std::cmp::PartialEq>::eq

Check 72: <std::result::Result<qash_consensus::FixedPoint, qash_consensus::transaction::TxError> as std::cmp::PartialEq>::eq.pointer_dereference.21
	 - Status: SUCCESS
	 - Description: "dereference failure: deallocated dynamic object"
	 - Location: ../../../../runner/.rustup/toolchains/nightly-2025-11-21-x86_64-unknown-linux-gnu/lib/rustlib/src/rust/library/core/src/result.rs:553:16 in function <std::result::Result<qash_consensus::FixedPoint, qash_consensus::transaction::TxError> as std::cmp::PartialEq>::eq

Check 73: <std::result::Result<qash_consensus::FixedPoint, qash_consensus::transaction::TxError> as std::cmp::PartialEq>::eq.pointer_dereference.22
	 - Status: SUCCESS
	 - Description: "dereference failure: dead object"
	 - Location: ../../../../runner/.rustup/toolchains/nightly-2025-11-21-x86_64-unknown-linux-gnu/lib/rustlib/src/rust/library/core/src/result.rs:553:16 in function <std::result::Result<qash_consensus::FixedPoint, qash_consensus::transaction::TxError> as std::cmp::PartialEq>::eq

Check 74: <std::result::Result<qash_consensus::FixedPoint, qash_consensus::transaction::TxError> as std::cmp::PartialEq>::eq.pointer_dereference.23
	 - Status: SUCCESS
	 - Description: "dereference failure: pointer outside object bounds"
	 - Location: ../../../../runner/.rustup/toolchains/nightly-2025-11-21-x86_64-unknown-linux-gnu/lib/rustlib/src/rust/library/core/src/result.rs:553:16 in function <std::result::Result<qash_consensus::FixedPoint, qash_consensus::transaction::TxError> as std::cmp::PartialEq>::eq

Check 75: <std::result::Result<qash_consensus::FixedPoint, qash_consensus::transaction::TxError> as std::cmp::PartialEq>::eq.pointer_dereference.24
	 - Status: SUCCESS
	 - Description: "dereference failure: invalid integer address"
	 - Location: ../../../../runner/.rustup/toolchains/nightly-2025-11-21-x86_64-unknown-linux-gnu/lib/rustlib/src/rust/library/core/src/result.rs:553:16 in function <std::result::Result<qash_consensus::FixedPoint, qash_consensus::transaction::TxError> as std::cmp::PartialEq>::eq

Check 76: <std::result::Result<qash_consensus::FixedPoint, qash_consensus::transaction::TxError> as std::cmp::PartialEq>::eq.pointer_dereference.25
	 - Status: SUCCESS
	 - Description: "dereference failure: pointer NULL"
	 - Location: ../../../../runner/.rustup/toolchains/nightly-2025-11-21-x86_64-unknown-linux-gnu/lib/rustlib/src/rust/library/core/src/result.rs:553:16 in function <std::result::Result<qash_consensus::FixedPoint, qash_consensus::transaction::TxError> as std::cmp::PartialEq>::eq

Check 77: <std::result::Result<qash_consensus::FixedPoint, qash_consensus::transaction::TxError> as std::cmp::PartialEq>::eq.pointer_dereference.26
	 - Status: SUCCESS
	 - Description: "dereference failure: pointer invalid"
	 - Location: ../../../../runner/.rustup/toolchains/nightly-2025-11-21-x86_64-unknown-linux-gnu/lib/rustlib/src/rust/library/core/src/result.rs:553:16 in function <std::result::Result<qash_consensus::FixedPoint, qash_consensus::transaction::TxError> as std::cmp::PartialEq>::eq

Check 78: <std::result::Result<qash_consensus::FixedPoint, qash_consensus::transaction::TxError> as std::cmp::PartialEq>::eq.pointer_dereference.27
	 - Status: SUCCESS
	 - Description: "dereference failure: deallocated dynamic object"
	 - Location: ../../../../runner/.rustup/toolchains/nightly-2025-11-21-x86_64-unknown-linux-gnu/lib/rustlib/src/rust/library/core/src/result.rs:553:16 in function <std::result::Result<qash_consensus::FixedPoint, qash_consensus::transaction::TxError> as std::cmp::PartialEq>::eq

Check 79: <std::result::Result<qash_consensus::FixedPoint, qash_consensus::transaction::TxError> as std::cmp::PartialEq>::eq.pointer_dereference.28
	 - Status: SUCCESS
	 - Description: "dereference failure: dead object"
	 - Location: ../../../../runner/.rustup/toolchains/nightly-2025-11-21-x86_64-unknown-linux-gnu/lib/rustlib/src/rust/library/core/src/result.rs:553:16 in function <std::result::Result<qash_consensus::FixedPoint, qash_consensus::transaction::TxError> as std::cmp::PartialEq>::eq

Check 80: <std::result::Result<qash_consensus::FixedPoint, qash_consensus::transaction::TxError> as std::cmp::PartialEq>::eq.pointer_dereference.29
	 - Status: SUCCESS
	 - Description: "dereference failure: pointer outside object bounds"
	 - Location: ../../../../runner/.rustup/toolchains/nightly-2025-11-21-x86_64-unknown-linux-gnu/lib/rustlib/src/rust/library/core/src/result.rs:553:16 in function <std::result::Result<qash_consensus::FixedPoint, qash_consensus::transaction::TxError> as std::cmp::PartialEq>::eq

Check 81: <std::result::Result<qash_consensus::FixedPoint, qash_consensus::transaction::TxError> as std::cmp::PartialEq>::eq.pointer_dereference.30
	 - Status: SUCCESS
	 - Description: "dereference failure: invalid integer address"
	 - Location: ../../../../runner/.rustup/toolchains/nightly-2025-11-21-x86_64-unknown-linux-gnu/lib/rustlib/src/rust/library/core/src/result.rs:553:16 in function <std::result::Result<qash_consensus::FixedPoint, qash_consensus::transaction::TxError> as std::cmp::PartialEq>::eq

Check 82: <qash_consensus::transaction::TxError as std::cmp::PartialEq>::eq.pointer_dereference.1
	 - Status: SUCCESS
	 - Description: "dereference failure: pointer NULL"
	 - Location: crates/consensus/src/transaction.rs:40:30 in function <qash_consensus::transaction::TxError as std::cmp::PartialEq>::eq

Check 83: <qash_consensus::transaction::TxError as std::cmp::PartialEq>::eq.pointer_dereference.2
	 - Status: SUCCESS
	 - Description: "dereference failure: pointer invalid"
	 - Location: crates/consensus/src/transaction.rs:40:30 in function <qash_consensus::transaction::TxError as std::cmp::PartialEq>::eq

Check 84: <qash_consensus::transaction::TxError as std::cmp::PartialEq>::eq.pointer_dereference.3
	 - Status: SUCCESS
	 - Description: "dereference failure: deallocated dynamic object"
	 - Location: crates/consensus/src/transaction.rs:40:30 in function <qash_consensus::transaction::TxError as std::cmp::PartialEq>::eq

Check 85: <qash_consensus::transaction::TxError as std::cmp::PartialEq>::eq.pointer_dereference.4
	 - Status: SUCCESS
	 - Description: "dereference failure: dead object"
	 - Location: crates/consensus/src/transaction.rs:40:30 in function <qash_consensus::transaction::TxError as std::cmp::PartialEq>::eq

Check 86: <qash_consensus::transaction::TxError as std::cmp::PartialEq>::eq.pointer_dereference.5
	 - Status: SUCCESS
	 - Description: "dereference failure: pointer outside object bounds"
	 - Location: crates/consensus/src/transaction.rs:40:30 in function <qash_consensus::transaction::TxError as std::cmp::PartialEq>::eq

Check 87: <qash_consensus::transaction::TxError as std::cmp::PartialEq>::eq.pointer_dereference.6
	 - Status: SUCCESS
	 - Description: "dereference failure: invalid integer address"
	 - Location: crates/consensus/src/transaction.rs:40:30 in function <qash_consensus::transaction::TxError as std::cmp::PartialEq>::eq

Check 88: <qash_consensus::transaction::TxError as std::cmp::PartialEq>::eq.pointer_dereference.7
	 - Status: SUCCESS
	 - Description: "dereference failure: pointer NULL"
	 - Location: crates/consensus/src/transaction.rs:40:30 in function <qash_consensus::transaction::TxError as std::cmp::PartialEq>::eq

Check 89: <qash_consensus::transaction::TxError as std::cmp::PartialEq>::eq.pointer_dereference.8
	 - Status: SUCCESS
	 - Description: "dereference failure: pointer invalid"
	 - Location: crates/consensus/src/transaction.rs:40:30 in function <qash_consensus::transaction::TxError as std::cmp::PartialEq>::eq

Check 90: <qash_consensus::transaction::TxError as std::cmp::PartialEq>::eq.pointer_dereference.9
	 - Status: SUCCESS
	 - Description: "dereference failure: deallocated dynamic object"
	 - Location: crates/consensus/src/transaction.rs:40:30 in function <qash_consensus::transaction::TxError as std::cmp::PartialEq>::eq

Check 91: <qash_consensus::transaction::TxError as std::cmp::PartialEq>::eq.pointer_dereference.10
	 - Status: SUCCESS
	 - Description: "dereference failure: dead object"
	 - Location: crates/consensus/src/transaction.rs:40:30 in function <qash_consensus::transaction::TxError as std::cmp::PartialEq>::eq

Check 92: <qash_consensus::transaction::TxError as std::cmp::PartialEq>::eq.pointer_dereference.11
	 - Status: SUCCESS
	 - Description: "dereference failure: pointer outside object bounds"
	 - Location: crates/consensus/src/transaction.rs:40:30 in function <qash_consensus::transaction::TxError as std::cmp::PartialEq>::eq

Check 93: <qash_consensus::transaction::TxError as std::cmp::PartialEq>::eq.pointer_dereference.12
	 - Status: SUCCESS
	 - Description: "dereference failure: invalid integer address"
	 - Location: crates/consensus/src/transaction.rs:40:30 in function <qash_consensus::transaction::TxError as std::cmp::PartialEq>::eq

Check 94: <qash_consensus::transaction::TxError as std::cmp::PartialEq>::eq.pointer_dereference.13
	 - Status: SUCCESS
	 - Description: "dereference failure: pointer NULL"
	 - Location: crates/consensus/src/transaction.rs:40:30 in function <qash_consensus::transaction::TxError as std::cmp::PartialEq>::eq

Check 95: <qash_consensus::transaction::TxError as std::cmp::PartialEq>::eq.pointer_dereference.14
	 - Status: SUCCESS
	 - Description: "dereference failure: pointer invalid"
	 - Location: crates/consensus/src/transaction.rs:40:30 in function <qash_consensus::transaction::TxError as std::cmp::PartialEq>::eq

Check 96: <qash_consensus::transaction::TxError as std::cmp::PartialEq>::eq.pointer_dereference.15
	 - Status: SUCCESS
	 - Description: "dereference failure: deallocated dynamic object"
	 - Location: crates/consensus/src/transaction.rs:40:30 in function <qash_consensus::transaction::TxError as std::cmp::PartialEq>::eq

Check 97: <qash_consensus::transaction::TxError as std::cmp::PartialEq>::eq.pointer_dereference.16
	 - Status: SUCCESS
	 - Description: "dereference failure: dead object"
	 - Location: crates/consensus/src/transaction.rs:40:30 in function <qash_consensus::transaction::TxError as std::cmp::PartialEq>::eq

Check 98: <qash_consensus::transaction::TxError as std::cmp::PartialEq>::eq.pointer_dereference.17
	 - Status: SUCCESS
	 - Description: "dereference failure: pointer outside object bounds"
	 - Location: crates/consensus/src/transaction.rs:40:30 in function <qash_consensus::transaction::TxError as std::cmp::PartialEq>::eq

Check 99: <qash_consensus::transaction::TxError as std::cmp::PartialEq>::eq.pointer_dereference.18
	 - Status: SUCCESS
	 - Description: "dereference failure: invalid integer address"
	 - Location: crates/consensus/src/transaction.rs:40:30 in function <qash_consensus::transaction::TxError as std::cmp::PartialEq>::eq

Check 100: <qash_consensus::transaction::TxError as std::cmp::PartialEq>::eq.pointer_dereference.19
	 - Status: SUCCESS
	 - Description: "dereference failure: pointer NULL"
	 - Location: crates/consensus/src/transaction.rs:40:30 in function <qash_consensus::transaction::TxError as std::cmp::PartialEq>::eq

Check 101: <qash_consensus::transaction::TxError as std::cmp::PartialEq>::eq.pointer_dereference.20
	 - Status: SUCCESS
	 - Description: "dereference failure: pointer invalid"
	 - Location: crates/consensus/src/transaction.rs:40:30 in function <qash_consensus::transaction::TxError as std::cmp::PartialEq>::eq

Check 102: <qash_consensus::transaction::TxError as std::cmp::PartialEq>::eq.pointer_dereference.21
	 - Status: SUCCESS
	 - Description: "dereference failure: deallocated dynamic object"
	 - Location: crates/consensus/src/transaction.rs:40:30 in function <qash_consensus::transaction::TxError as std::cmp::PartialEq>::eq

Check 103: <qash_consensus::transaction::TxError as std::cmp::PartialEq>::eq.pointer_dereference.22
	 - Status: SUCCESS
	 - Description: "dereference failure: dead object"
	 - Location: crates/consensus/src/transaction.rs:40:30 in function <qash_consensus::transaction::TxError as std::cmp::PartialEq>::eq

Check 104: <qash_consensus::transaction::TxError as std::cmp::PartialEq>::eq.pointer_dereference.23
	 - Status: SUCCESS
	 - Description: "dereference failure: pointer outside object bounds"
	 - Location: crates/consensus/src/transaction.rs:40:30 in function <qash_consensus::transaction::TxError as std::cmp::PartialEq>::eq

Check 105: <qash_consensus::transaction::TxError as std::cmp::PartialEq>::eq.pointer_dereference.24
	 - Status: SUCCESS
	 - Description: "dereference failure: invalid integer address"
	 - Location: crates/consensus/src/transaction.rs:40:30 in function <qash_consensus::transaction::TxError as std::cmp::PartialEq>::eq

Check 106: std::cmp::impls::<impl std::cmp::PartialEq for &u64>::eq.pointer_dereference.1
	 - Status: SUCCESS
	 - Description: "dereference failure: pointer NULL"
	 - Location: ../../../../runner/.rustup/toolchains/nightly-2025-11-21-x86_64-unknown-linux-gnu/lib/rustlib/src/rust/library/core/src/cmp.rs:2090:27 in function std::cmp::impls::<impl std::cmp::PartialEq for &u64>::eq

Check 107: std::cmp::impls::<impl std::cmp::PartialEq for &u64>::eq.pointer_dereference.2
	 - Status: SUCCESS
	 - Description: "dereference failure: pointer invalid"
	 - Location: ../../../../runner/.rustup/toolchains/nightly-2025-11-21-x86_64-unknown-linux-gnu/lib/rustlib/src/rust/library/core/src/cmp.rs:2090:27 in function std::cmp::impls::<impl std::cmp::PartialEq for &u64>::eq

Check 108: std::cmp::impls::<impl std::cmp::PartialEq for &u64>::eq.pointer_dereference.3
	 - Status: SUCCESS
	 - Description: "dereference failure: deallocated dynamic object"
	 - Location: ../../../../runner/.rustup/toolchains/nightly-2025-11-21-x86_64-unknown-linux-gnu/lib/rustlib/src/rust/library/core/src/cmp.rs:2090:27 in function std::cmp::impls::<impl std::cmp::PartialEq for &u64>::eq

Check 109: std::cmp::impls::<impl std::cmp::PartialEq for &u64>::eq.pointer_dereference.4
	 - Status: SUCCESS
	 - Description: "dereference failure: dead object"
	 - Location: ../../../../runner/.rustup/toolchains/nightly-2025-11-21-x86_64-unknown-linux-gnu/lib/rustlib/src/rust/library/core/src/cmp.rs:2090:27 in function std::cmp::impls::<impl std::cmp::PartialEq for &u64>::eq

Check 110: std::cmp::impls::<impl std::cmp::PartialEq for &u64>::eq.pointer_dereference.5
	 - Status: SUCCESS
	 - Description: "dereference failure: pointer outside object bounds"
	 - Location: ../../../../runner/.rustup/toolchains/nightly-2025-11-21-x86_64-unknown-linux-gnu/lib/rustlib/src/rust/library/core/src/cmp.rs:2090:27 in function std::cmp::impls::<impl std::cmp::PartialEq for &u64>::eq

Check 111: std::cmp::impls::<impl std::cmp::PartialEq for &u64>::eq.pointer_dereference.6
	 - Status: SUCCESS
	 - Description: "dereference failure: invalid integer address"
	 - Location: ../../../../runner/.rustup/toolchains/nightly-2025-11-21-x86_64-unknown-linux-gnu/lib/rustlib/src/rust/library/core/src/cmp.rs:2090:27 in function std::cmp::impls::<impl std::cmp::PartialEq for &u64>::eq

Check 112: std::cmp::impls::<impl std::cmp::PartialEq for &u64>::eq.pointer_dereference.7
	 - Status: SUCCESS
	 - Description: "dereference failure: pointer NULL"
	 - Location: ../../../../runner/.rustup/toolchains/nightly-2025-11-21-x86_64-unknown-linux-gnu/lib/rustlib/src/rust/library/core/src/cmp.rs:2090:34 in function std::cmp::impls::<impl std::cmp::PartialEq for &u64>::eq

Check 113: std::cmp::impls::<impl std::cmp::PartialEq for &u64>::eq.pointer_dereference.8
	 - Status: SUCCESS
	 - Description: "dereference failure: pointer invalid"
	 - Location: ../../../../runner/.rustup/toolchains/nightly-2025-11-21-x86_64-unknown-linux-gnu/lib/rustlib/src/rust/library/core/src/cmp.rs:2090:34 in function std::cmp::impls::<impl std::cmp::PartialEq for &u64>::eq

Check 114: std::cmp::impls::<impl std::cmp::PartialEq for &u64>::eq.pointer_dereference.9
	 - Status: SUCCESS
	 - Description: "dereference failure: deallocated dynamic object"
	 - Location: ../../../../runner/.rustup/toolchains/nightly-2025-11-21-x86_64-unknown-linux-gnu/lib/rustlib/src/rust/library/core/src/cmp.rs:2090:34 in function std::cmp::impls::<impl std::cmp::PartialEq for &u64>::eq

Check 115: std::cmp::impls::<impl std::cmp::PartialEq for &u64>::eq.pointer_dereference.10
	 - Status: SUCCESS
	 - Description: "dereference failure: dead object"
	 - Location: ../../../../runner/.rustup/toolchains/nightly-2025-11-21-x86_64-unknown-linux-gnu/lib/rustlib/src/rust/library/core/src/cmp.rs:2090:34 in function std::cmp::impls::<impl std::cmp::PartialEq for &u64>::eq

Check 116: std::cmp::impls::<impl std::cmp::PartialEq for &u64>::eq.pointer_dereference.11
	 - Status: SUCCESS
	 - Description: "dereference failure: pointer outside object bounds"
	 - Location: ../../../../runner/.rustup/toolchains/nightly-2025-11-21-x86_64-unknown-linux-gnu/lib/rustlib/src/rust/library/core/src/cmp.rs:2090:34 in function std::cmp::impls::<impl std::cmp::PartialEq for &u64>::eq

Check 117: std::cmp::impls::<impl std::cmp::PartialEq for &u64>::eq.pointer_dereference.12
	 - Status: SUCCESS
	 - Description: "dereference failure: invalid integer address"
	 - Location: ../../../../runner/.rustup/toolchains/nightly-2025-11-21-x86_64-unknown-linux-gnu/lib/rustlib/src/rust/library/core/src/cmp.rs:2090:34 in function std::cmp::impls::<impl std::cmp::PartialEq for &u64>::eq


SUMMARY:
 ** 0 of 117 failed (1 unreachable)

VERIFICATION:- SUCCESSFUL
Verification Time: 0.06522977s

Checking harness tx1_project_divergence_never_increases...
CBMC 6.8.0 (cbmc-6.8.0)
CBMC version 6.8.0 (cbmc-6.8.0) 64-bit x86_64 linux
Reading GOTO program from file /home/debian/Downloads/QASH/qash/target/kani/x86_64-unknown-linux-gnu/debug/deps/kani_transaction-b11d91daf0856d6e__RNvCs3Qv926SeJ7f_16kani_transaction38tx1_project_divergence_never_increases.out
Generating GOTO Program
Adding CPROVER library (x86_64)
Removal of function pointers and virtual functions
Generic Property Instrumentation
Running with 16 object bits, 48 offset bits (user-specified)
Starting Bounded Model Checking
aborting path on assume(false) at file /home/runner/.rustup/toolchains/nightly-2025-11-21-x86_64-unknown-linux-gnu/lib/rustlib/src/rust/library/core/src/result.rs line 1231 column 15 function std::result::Result::<qash_consensus::FixedPoint, qash_consensus::transaction::TxError>::unwrap thread 0
aborting path on assume(false) at file /home/runner/.rustup/toolchains/nightly-2025-11-21-x86_64-unknown-linux-gnu/lib/rustlib/src/rust/library/core/src/result.rs line 1867 column 5 function std::result::unwrap_failed thread 0
aborting path on assume(false) at file /home/runner/.rustup/toolchains/nightly-2025-11-21-x86_64-unknown-linux-gnu/lib/rustlib/src/rust/library/core/src/result.rs line 1233 column 23 function std::result::Result::<qash_consensus::FixedPoint, qash_consensus::transaction::TxError>::unwrap thread 0
Runtime Symex: 0.0916325s
size of program expression: 2971 steps
slicing removed 1644 assignments
Generated 16 VCC(s), 10 remaining after simplification
Runtime Postprocess Equation: 0.000726097s
Passing problem to propositional reduction
converting SSA
Runtime Convert SSA: 0.00841267s
Running propositional reduction
Post-processing
Runtime Post-process: 6.982e-06s
Solving with CaDiCaL 2.0.0
3892 variables, 7866 clauses
SAT checker: instance is SATISFIABLE
Runtime Solver: 0.00575799s
Runtime decision procedure: 0.014398s
Running propositional reduction
Solving with CaDiCaL 2.0.0
3893 variables, 7867 clauses
SAT checker: instance is UNSATISFIABLE
Runtime Solver: 0.00933094s
Runtime decision procedure: 0.00939721s

RESULTS:
Check 1: qash_consensus::transaction::tx1_project_divergence.assertion.1
	 - Status: SUCCESS
	 - Description: "attempt to subtract with overflow"
	 - Location: crates/consensus/src/transaction.rs:326:29 in function qash_consensus::transaction::tx1_project_divergence

Check 2: tx1_project_divergence_never_increases.assertion.1
	 - Status: SUCCESS
	 - Description: "assertion failed: next.raw() <= i128::from(current)"
	 - Location: crates/consensus/tests/kani_transaction.rs:15:5 in function tx1_project_divergence_never_increases

Check 3: tx1_project_divergence_never_increases.assertion.2
	 - Status: SUCCESS
	 - Description: "attempt to subtract with overflow"
	 - Location: crates/consensus/tests/kani_transaction.rs:16:39 in function tx1_project_divergence_never_increases

Check 4: tx1_project_divergence_never_increases.assertion.3
	 - Status: SUCCESS
	 - Description: "assertion failed: next.raw() == i128::from(current - delta)"
	 - Location: crates/consensus/tests/kani_transaction.rs:16:5 in function tx1_project_divergence_never_increases

Check 5: std::result::Result::<qash_consensus::FixedPoint, qash_consensus::transaction::TxError>::unwrap.unreachable.1
	 - Status: SUCCESS
	 - Description: "unreachable code"
	 - Location: ../../../../runner/.rustup/toolchains/nightly-2025-11-21-x86_64-unknown-linux-gnu/lib/rustlib/src/rust/library/core/src/result.rs:1231:15 in function std::result::Result::<qash_consensus::FixedPoint, qash_consensus::transaction::TxError>::unwrap

Check 6: std::result::unwrap_failed.assertion.1
	 - Status: SUCCESS
	 - Description: "This is a placeholder message; Kani doesn't support message formatted at runtime"
	 - Location: ../../../../runner/.rustup/toolchains/nightly-2025-11-21-x86_64-unknown-linux-gnu/lib/rustlib/src/rust/library/core/src/result.rs:1867:5 in function std::result::unwrap_failed


SUMMARY:
 ** 0 of 6 failed

VERIFICATION:- SUCCESSFUL
Verification Time: 0.32018018s

Manual Harness Summary:
Complete - 2 successfully verified harnesses, 0 failures, 2 total.
